<?xml version="1.0" encoding="utf-8" ?>
<result>
	<row>user1</row>
	<row>user2</row>
	<row>user3</row>
</result>